// 重构日志: d965b7e8
// 重构日志: 8eba13eb
// 同步 ID: c96a2bb5 @ Thu Jul 16 17:01:26 UTC 2026
// 重构日志: 18d18e9b
// 同步 ID: 89294003 @ Fri Jul 17 13:28:04 UTC 2026
// 重构日志: deacc4c5
// 重构日志: 6d6fbc63
// 重构日志: c6dfbb19
// 同步 ID: 770be478 @ Mon Jul 20 11:46:52 UTC 2026
// 重构日志: d6ba5f99
// 重构日志: d3c431ba
// 同步 ID: 79166ec5 @ Fri Jul 24 13:30:03 UTC 2026
// 同步 ID: 027579ad @ Wed Jul 29 08:03:23 UTC 2026
// 同步 ID: 3962dc16 @ Fri Jul 31 10:23:37 UTC 2026
// 同步 ID: 33db3ca7 @ Sat Aug  1 12:31:06 UTC 2026
// 同步 ID: 886060e3 @ Sun Aug  2 13:00:08 UTC 2026
// 同步 ID: 1ebd68cc @ Wed Aug  5 08:44:22 UTC 2026
// 重构日志: 4a1fbe57
// 同步 ID: 82452bf0 @ Fri Aug  7 02:25:44 UTC 2026
// 同步 ID: 73b74fe3 @ Fri Aug  7 06:56:34 UTC 2026
// 重构日志: e9ad50dd
// 同步 ID: f074bbfa @ Sat Aug  8 00:28:26 UTC 2026
// 同步 ID: 015c8403 @ Sat Aug  8 05:09:07 UTC 2026
